SampleData/data.csv
SKU,Date,Units_Sold,Price,Cost,Inventory,Competitor_Price
OEM1234,2025-01-01,15,115.49,80,50,107.76
OEM1234,2025-01-02,12,130.7,80,50,115.96
OEM1234,2025-01-03,18,124.92,80,50,123.58
OEM1234,2025-01-04,18,121.4,80,50,120.34
OEM1234,2025-01-05,17,109.72,80,50,122.05
OEM1234,2025-01-06,21,109.72,80,50,118.65
OEM1234,2025-01-07,21,107.13,80,50,119.42
OEM1234,2025-01-08,11,128.47,80,50,123.03
OEM1234,2025-01-09,16,121.47,80,50,109.24
OEM1234,2025-01-10,17,124.29,80,50,114.76
OEM1234,2025-01-11,17,106.14,80,50,108.59
OEM1234,2025-01-12,11,131.21,80,50,126.22
OEM1234,2025-01-13,16,127.58,80,50,125.21
OEM1234,2025-01-14,18,111.21,80,50,104.41
OEM1234,2025-01-15,20,110.4,80,50,119.73
OEM1234,2025-01-16,20,110.44,80,50,124.78
OEM1234,2025-01-17,17,113.63,80,50,107.65
OEM1234,2025-01-18,13,119.45,80,50,116.56
OEM1234,2025-01-19,19,117.0,80,50,124.56
OEM1234,2025-01-20,19,113.29,80,50,104.28
OEM1234,2025-01-21,15,121.75,80,49,119.54
OEM1234,2025-01-22,18,109.28,80,49,110.34
OEM1234,2025-01-23,15,113.31,80,49,124.76
OEM1234,2025-01-24,19,115.27,80,49,125.83
OEM1234,2025-01-25,18,117.64,80,49,125.22
OEM1234,2025-01-26,13,126.33,80,49,114.41
OEM1234,2025-01-27,21,110.87,80,48,123.33
OEM1234,2025-01-28,16,119.18,80,48,122.92
OEM1234,2025-01-29,16,121.24,80,48,110.84
OEM1234,2025-01-30,18,106.83,80,48,122.57
OEM1234,2025-01-31,14,121.64,80,48,104.35
OEM1234,2025-02-01,18,110.1,80,47,117.21
OEM1234,2025-02-02,19,107.32,80,47,108.79
OEM1234,2025-02-03,11,130.65,80,47,106.27
OEM1234,2025-02-04,11,131.09,80,47,105.27
OEM1234,2025-02-05,16,126.94,80,47,119.51
OEM1234,2025-02-06,16,113.64,80,47,111.32
OEM1234,2025-02-07,16,108.18,80,47,120.17
OEM1234,2025-02-08,17,123.66,80,47,105.0
OEM1234,2025-02-09,19,117.22,80,47,110.75
OEM1234,2025-02-10,16,108.82,80,47,115.91
OEM1234,2025-02-11,18,118.67,80,47,121.69
OEM1234,2025-02-12,18,106.51,80,47,110.83
OEM1234,2025-02-13,13,129.61,80,47,117.9
OEM1234,2025-02-14,19,112.43,80,47,123.88
OEM1234,2025-02-15,14,123.09,80,47,117.66
OEM1234,2025-02-16,15,113.83,80,47,108.86
OEM1234,2025-02-17,13,119.33,80,47,104.06
OEM1234,2025-02-18,15,120.03,80,47,123.51
OEM1234,2025-02-19,16,110.48,80,47,103.99
OEM1234,2025-02-20,13,131.2,80,47,123.62
OEM1234,2025-02-21,12,126.06,80,47,115.67
OEM1234,2025-02-22,15,130.4,80,47,125.1
OEM1234,2025-02-23,16,129.22,80,47,121.87
OEM1234,2025-02-24,15,121.38,80,47,126.45
OEM1234,2025-02-25,13,129.94,80,47,111.57
OEM1234,2025-02-26,21,107.94,80,47,121.15
OEM1234,2025-02-27,19,110.77,80,47,112.74
OEM1234,2025-02-28,20,106.79,80,47,114.54
OEM1234,2025-03-01,19,114.19,80,47,117.93
OEM1234,2025-03-02,19,115.86,80,47,123.59
OEM1234,2025-03-03,16,112.76,80,47,126.13
OEM1234,2025-03-04,16,127.48,80,47,121.17
OEM1234,2025-03-05,19,115.02,80,47,113.11
OEM1234,2025-03-06,16,113.02,80,47,113.19
OEM1234,2025-03-07,16,119.93,80,47,120.46
OEM1234,2025-03-08,19,109.32,80,47,108.99
OEM1234,2025-03-09,12,126.78,80,47,106.04
OEM1234,2025-03-10,21,107.57,80,47,111.66
OEM1234,2025-03-11,16,131.65,80,47,110.11
OEM1234,2025-03-12,12,125.99,80,47,110.32
OEM1234,2025-03-13,15,110.85,80,47,108.87
OEM1234,2025-03-14,19,105.75,80,47,104.47
OEM1234,2025-03-15,14,127.13,80,47,103.91
OEM1234,2025-03-16,15,124.26,80,47,126.22
OEM1234,2025-03-17,17,124.85,80,46,113.34
OEM1234,2025-03-18,11,125.96,80,46,112.34
OEM1234,2025-03-19,21,107.55,80,46,119.13
OEM1234,2025-03-20,15,115.06,80,46,108.52
OEM1234,2025-03-21,23,108.66,80,46,125.35
OEM1234,2025-03-22,18,128.39,80,46,121.59
OEM1234,2025-03-23,12,122.06,80,46,105.56
OEM1234,2025-03-24,16,114.34,80,46,113.1
OEM1234,2025-03-25,22,107.28,80,46,123.72
OEM1234,2025-03-26,18,113.81,80,46,125.23
OEM1234,2025-03-27,17,114.18,80,46,114.25
OEM1234,2025-03-28,14,124.86,80,46,117.61
OEM1234,2025-03-29,10,122.43,80,45,107.34
OEM1234,2025-03-30,14,129.02,80,45,126.3
OEM1234,2025-03-31,14,118.07,80,45,108.83
OEM1234,2025-04-01,19,108.76,80,45,125.18
OEM1234,2025-04-02,17,124.43,80,45,118.44
OEM1234,2025-04-03,12,125.68,80,45,117.48
OEM1234,2025-04-04,17,120.42,80,45,115.29
OEM1234,2025-04-05,13,125.95,80,45,108.81
OEM1234,2025-04-06,15,118.64,80,45,107.56
OEM1234,2025-04-07,17,119.4,80,45,108.57
OEM1234,2025-04-08,16,116.89,80,45,107.79
OEM1234,2025-04-09,21,106.27,80,45,121.43
OEM1234,2025-04-10,21,108.45,80,45,111.55
OEM1234,2025-04-11,18,106.43,80,45,104.83
OEM1234,2025-04-12,15,122.4,80,45,125.79
OEM1234,2025-04-13,16,113.9,80,45,123.83
OEM1234,2025-04-14,15,119.03,80,45,124.84
OEM1234,2025-04-15,20,129.56,80,44,126.38
OEM1234,2025-04-16,20,112.18,80,44,107.5
OEM1234,2025-04-17,14,116.43,80,44,112.61
OEM1234,2025-04-18,12,125.55,80,44,120.94
OEM1234,2025-04-19,19,111.64,80,44,119.51
OEM1234,2025-04-20,20,107.63,80,44,107.04
OEM1234,2025-04-21,19,113.25,80,44,122.26
OEM1234,2025-04-22,17,109.86,80,44,108.66
OEM1234,2025-04-23,12,130.14,80,44,108.65
OEM1234,2025-04-24,14,126.93,80,44,115.85
OEM1234,2025-04-25,15,122.32,80,44,117.14
OEM1234,2025-04-26,9,128.61,80,44,116.84
OEM1234,2025-04-27,12,126.82,80,43,105.6
OEM1234,2025-04-28,18,110.53,80,42,123.68
OEM1234,2025-04-29,13,129.16,80,42,109.61
OEM1234,2025-04-30,21,119.84,80,42,106.48
OEM1234,2025-05-01,15,126.92,80,42,123.94
OEM1234,2025-05-02,13,129.26,80,42,125.48
OEM1234,2025-05-03,20,114.0,80,42,123.33
OEM1234,2025-05-04,21,108.51,80,42,122.12
OEM1234,2025-05-05,19,111.62,80,42,118.57
OEM1234,2025-05-06,18,116.88,80,42,116.17
OEM1234,2025-05-07,17,127.2,80,42,105.5
OEM1234,2025-05-08,11,128.32,80,42,112.89
OEM1234,2025-05-09,20,105.78,80,42,112.07
OEM1234,2025-05-10,13,119.08,80,42,109.47
OEM1234,2025-05-11,18,116.62,80,42,120.14
OEM1234,2025-05-12,16,111.46,80,42,114.91
OEM1234,2025-05-13,17,108.76,80,42,105.36
OEM1234,2025-05-14,16,114.51,80,42,108.56
OEM1234,2025-05-15,15,130.49,80,42,119.21
OEM1234,2025-05-16,18,114.13,80,42,105.25
OEM1234,2025-05-17,14,119.3,80,42,123.08
OEM1234,2025-05-18,14,124.16,80,42,114.89
OEM1234,2025-05-19,15,115.2,80,42,114.55
OEM1234,2025-05-20,10,131.26,80,42,117.13
OEM1234,2025-05-21,13,131.01,80,42,122.47
OEM1234,2025-05-22,17,112.25,80,42,111.5
OEM1234,2025-05-23,21,118.73,80,42,119.09
OEM1234,2025-05-24,18,113.54,80,42,116.51
OEM1234,2025-05-25,14,113.12,80,42,109.64
OEM1234,2025-05-26,19,106.57,80,42,123.71
OEM1234,2025-05-27,18,121.69,80,42,121.84
OEM1234,2025-05-28,20,118.87,80,42,118.64
OEM1234,2025-05-29,17,106.96,80,42,123.06
OEM1234,2025-05-30,15,112.96,80,42,123.45
OEM1234,2025-05-31,17,129.58,80,42,119.79
OEM1234,2025-06-01,19,111.92,80,42,122.75
OEM1234,2025-06-02,17,109.43,80,42,119.54
OEM1234,2025-06-03,17,118.52,80,42,119.14
OEM1234,2025-06-04,7,131.62,80,42,117.73
OEM1234,2025-06-05,18,111.99,80,42,120.81
OEM1234,2025-06-06,14,123.34,80,42,107.15
OEM1234,2025-06-07,17,125.71,80,41,123.76
OEM1234,2025-06-08,17,111.87,80,41,123.55
OEM1234,2025-06-09,13,124.82,80,41,104.17
OEM1234,2025-06-10,16,115.31,80,41,122.49
OEM1234,2025-06-11,14,122.29,80,41,106.46
OEM1234,2025-06-12,13,122.33,80,41,111.21
OEM1234,2025-06-13,15,119.74,80,41,120.6
OEM1234,2025-06-14,16,107.98,80,41,107.2
OEM1234,2025-06-15,15,127.65,80,41,122.31
OEM1234,2025-06-16,20,114.07,80,41,122.64
OEM1234,2025-06-17,18,110.52,80,41,115.17
OEM1234,2025-06-18,18,106.68,80,41,103.65
OEM1234,2025-06-19,12,121.2,80,41,110.1
OEM1234,2025-06-20,14,123.49,80,41,117.69
OEM1234,2025-06-21,21,106.04,80,41,126.07
OEM1234,2025-06-22,21,119.12,80,41,118.03
OEM1234,2025-06-23,15,111.58,80,41,109.48
OEM1234,2025-06-24,18,122.63,80,41,118.08
OEM1234,2025-06-25,21,110.2,80,41,115.92
OEM1234,2025-06-26,16,123.84,80,41,121.44
OEM1234,2025-06-27,19,115.81,80,41,105.96
OEM1234,2025-06-28,14,130.33,80,41,121.0
OEM1234,2025-06-29,20,109.23,80,41,115.95
OEM1234,2025-06-30,18,114.6,80,41,125.65
OEM1234,2025-07-01,21,108.6,80,41,111.36
OEM1234,2025-07-02,15,130.01,80,41,118.05
OEM1234,2025-07-03,13,128.76,80,41,124.94
OEM1234,2025-07-04,14,112.41,80,41,105.86
OEM1234,2025-07-05,15,123.02,80,41,125.06
OEM1234,2025-07-06,12,127.17,80,41,119.32
OEM1234,2025-07-07,14,120.26,80,41,105.06
OEM1234,2025-07-08,18,119.58,80,41,110.42
OEM1234,2025-07-09,17,111.98,80,41,119.79
OEM1234,2025-07-10,18,108.06,80,41,105.05
OEM1234,2025-07-11,13,129.29,80,40,116.89
OEM1234,2025-07-12,14,129.37,80,40,111.46
OEM1234,2025-07-13,11,122.31,80,40,117.78
OEM1234,2025-07-14,15,114.55,80,40,104.55
OEM1234,2025-07-15,18,114.82,80,40,123.55
OEM1234,2025-07-16,18,124.77,80,40,125.89
OEM1234,2025-07-17,13,129.28,80,40,125.78
OEM1234,2025-07-18,10,129.02,80,40,120.74
OEM1234,2025-07-19,14,126.19,80,40,106.49
OEM1234,2025-07-20,14,122.55,80,40,120.94
OEM1234,2025-07-21,16,107.82,80,40,104.07
OEM1234,2025-07-22,16,109.87,80,40,104.01
OEM1234,2025-07-23,12,129.32,80,39,110.94
OEM1234,2025-07-24,14,121.61,80,39,114.74
OEM1234,2025-07-25,16,105.84,80,39,121.22
OEM1234,2025-07-26,21,108.28,80,39,119.22
OEM1234,2025-07-27,17,123.12,80,39,113.76
OEM1234,2025-07-28,21,105.73,80,39,109.79
OEM1234,2025-07-29,17,109.85,80,39,126.43
OEM1234,2025-07-30,15,120.09,80,39,113.3
OEM1234,2025-07-31,14,123.87,80,39,113.88
OEM1234,2025-08-01,15,122.81,80,39,107.26
OEM1234,2025-08-02,20,111.52,80,39,121.78
OEM1234,2025-08-03,13,124.4,80,39,119.45
OEM1234,2025-08-04,17,111.86,80,39,108.58
OEM1234,2025-08-05,17,114.19,80,39,105.39
OEM1234,2025-08-06,17,125.31,80,39,119.15
OEM1234,2025-08-07,16,122.75,80,39,118.55
OEM1234,2025-08-08,14,128.02,80,39,109.78
OEM1234,2025-08-09,16,122.96,80,39,125.37
OEM1234,2025-08-10,17,120.6,80,39,106.97
OEM1234,2025-08-11,20,108.07,80,39,113.44
OEM1234,2025-08-12,16,115.31,80,39,125.2
OEM1234,2025-08-13,20,112.6,80,39,113.15
OEM1234,2025-08-14,20,112.04,80,39,118.19
OEM1234,2025-08-15,11,131.29,80,39,112.64
OEM1234,2025-08-16,15,115.98,80,39,109.81
OEM1234,2025-08-17,14,129.15,80,39,126.13
OEM1234,2025-08-18,16,122.26,80,39,112.91
OEM1234,2025-08-19,15,126.58,80,39,124.06
OEM1234,2025-08-20,16,118.87,80,39,108.79
OEM1234,2025-08-21,18,120.83,80,38,108.4
OEM1234,2025-08-22,17,118.6,80,38,104.22
OEM1234,2025-08-23,19,110.75,80,38,118.49
OEM1234,2025-08-24,16,124.67,80,38,111.98
OEM1234,2025-08-25,16,113.01,80,38,123.38
OEM1234,2025-08-26,20,106.24,80,38,114.38
OEM1234,2025-08-27,19,122.64,80,38,125.77
OEM1234,2025-08-28,17,110.28,80,38,107.77
OEM1234,2025-08-29,12,130.43,80,38,123.48
OEM1234,2025-08-30,12,130.78,80,38,121.36
OEM1234,2025-08-31,11,129.75,80,38,121.23
OEM1234,2025-09-01,16,115.37,80,38,122.93
OEM1234,2025-09-02,20,106.01,80,38,121.0
OEM1234,2025-09-03,10,130.11,80,38,117.9
OEM1234,2025-09-04,16,116.9,80,38,106.52
OEM1234,2025-09-05,13,131.12,80,38,104.25
OEM1234,2025-09-06,11,131.04,80,38,124.68
OEM1234,2025-09-07,16,128.12,80,38,117.68
OEM1234,2025-09-08,19,113.37,80,38,121.82
OEM1234,2025-09-09,19,115.77,80,38,114.58
OEM1234,2025-09-10,11,128.07,80,38,106.2
OEM1234,2025-09-11,18,113.97,80,38,106.38
OEM1234,2025-09-12,17,110.07,80,38,119.27
OEM1234,2025-09-13,17,120.3,80,38,113.4
OEM1234,2025-09-14,12,130.31,80,38,108.11
OEM1234,2025-09-15,15,123.98,80,38,114.81
OEM1234,2025-09-16,12,120.65,80,38,104.98
OEM1234,2025-09-17,17,108.17,80,38,116.89
OEM1234,2025-09-18,16,121.84,80,38,109.69
OEM1234,2025-09-19,11,131.74,80,38,121.84
OEM1234,2025-09-20,19,109.3,80,38,110.64
OEM1234,2025-09-21,13,119.28,80,38,113.97
OEM1234,2025-09-22,13,128.76,80,38,103.77
OEM1234,2025-09-23,11,125.16,80,38,105.17
OEM1234,2025-09-24,15,124.0,80,38,112.53
OEM1234,2025-09-25,15,124.15,80,38,114.54
OEM1234,2025-09-26,16,115.09,80,38,117.3
OEM1234,2025-09-27,18,113.35,80,38,110.21
OEM1234,2025-09-28,14,126.97,80,38,119.48
OEM1234,2025-09-29,13,126.99,80,38,123.28
OEM1234,2025-09-30,12,128.49,80,38,121.44
OEM1234,2025-10-01,8,129.71,80,38,104.41
OEM1234,2025-10-02,16,119.1,80,37,114.55
OEM1234,2025-10-03,12,118.84,80,37,105.91
OEM1234,2025-10-04,13,126.67,80,37,109.07
OEM1234,2025-10-05,15,122.76,80,37,126.19
OEM1234,2025-10-06,15,124.13,80,37,106.78
OEM1234,2025-10-07,13,126.61,80,37,114.97
OEM1234,2025-10-08,12,129.1,80,37,117.72
OEM1234,2025-10-09,19,114.52,80,37,119.66
OEM1234,2025-10-10,18,115.52,80,37,116.37
OEM1234,2025-10-11,19,108.08,80,37,103.72
OEM1234,2025-10-12,16,120.87,80,37,111.01
OEM1234,2025-10-13,17,106.55,80,37,115.41
OEM1234,2025-10-14,17,117.89,80,37,105.52
OEM1234,2025-10-15,16,119.93,80,37,111.56
OEM1234,2025-10-16,14,113.16,80,37,104.26
OEM1234,2025-10-17,14,121.2,80,37,105.31
OEM1234,2025-10-18,19,106.41,80,37,112.63
OEM1234,2025-10-19,18,106.59,80,37,106.55
OEM1234,2025-10-20,14,127.32,80,37,116.55
OEM1234,2025-10-21,20,115.11,80,37,119.36
OEM1234,2025-10-22,22,108.95,80,37,121.91
OEM1234,2025-10-23,12,119.39,80,37,108.1
OEM1234,2025-10-24,14,125.93,80,37,107.35
OEM1234,2025-10-25,20,111.3,80,37,105.91
OEM1234,2025-10-26,16,122.04,80,37,118.14
OEM1234,2025-10-27,22,107.85,80,37,119.75
OEM1234,2025-10-28,22,106.96,80,37,104.23
OEM1234,2025-10-29,19,119.63,80,36,125.03
OEM1234,2025-10-30,15,119.87,80,36,104.7
OEM1234,2025-10-31,17,122.43,80,36,115.95
OEM1234,2025-11-01,15,124.77,80,36,119.81
OEM1234,2025-11-02,13,131.36,80,36,123.53
OEM1234,2025-11-03,16,119.23,80,36,119.92
OEM1234,2025-11-04,21,114.13,80,36,121.94
OEM1234,2025-11-05,12,126.59,80,36,111.31
OEM1234,2025-11-06,21,112.75,80,36,122.24
OEM1234,2025-11-07,16,117.19,80,36,105.34
OEM1234,2025-11-08,17,107.67,80,35,124.08
OEM1234,2025-11-09,20,106.27,80,35,116.09
OEM1234,2025-11-10,9,131.01,80,35,122.3
OEM1234,2025-11-11,14,127.67,80,35,113.9
OEM1234,2025-11-12,16,123.97,80,35,118.3
OEM1234,2025-11-13,15,116.4,80,35,115.61
OEM1234,2025-11-14,19,110.17,80,35,120.33
OEM1234,2025-11-15,22,109.73,80,35,105.38
OEM1234,2025-11-16,16,112.21,80,35,104.89
OEM1234,2025-11-17,13,120.1,80,35,109.18
OEM1234,2025-11-18,16,124.47,80,35,107.17
OEM1234,2025-11-19,19,123.03,80,35,123.55
OEM1234,2025-11-20,17,112.99,80,35,108.54
OEM1234,2025-11-21,15,130.81,80,35,125.94
OEM1234,2025-11-22,16,125.08,80,35,111.25
OEM1234,2025-11-23,13,120.23,80,35,107.69
OEM1234,2025-11-24,15,121.75,80,35,121.66
OEM1234,2025-11-25,19,116.68,80,35,118.65
OEM1234,2025-11-26,21,112.14,80,35,114.96
OEM1234,2025-11-27,18,115.0,80,35,116.27
OEM1234,2025-11-28,13,125.61,80,35,120.04
OEM1234,2025-11-29,23,105.98,80,35,108.75
OEM1234,2025-11-30,19,108.66,80,35,126.42
OEM1234,2025-12-01,20,106.81,80,35,125.92
OEM1234,2025-12-02,21,106.68,80,35,118.46
OEM1234,2025-12-03,15,128.18,80,35,108.09
OEM1234,2025-12-04,16,124.18,80,35,119.15
OEM1234,2025-12-05,16,118.12,80,35,105.16
OEM1234,2025-12-06,19,108.18,80,35,104.21
OEM1234,2025-12-07,15,118.58,80,35,109.43
OEM1234,2025-12-08,17,118.1,80,35,114.14
OEM1234,2025-12-09,14,110.17,80,35,123.47
OEM1234,2025-12-10,16,117.05,80,35,120.22
OEM1234,2025-12-11,18,116.12,80,35,120.58
OEM1234,2025-12-12,12,121.86,80,35,113.29
OEM1234,2025-12-13,15,122.37,80,35,111.46
OEM1234,2025-12-14,19,106.8,80,35,112.03
OEM1234,2025-12-15,21,115.49,80,35,126.22
OEM1234,2025-12-16,17,122.12,80,35,104.42
OEM1234,2025-12-17,16,118.88,80,35,123.44
OEM1234,2025-12-18,13,128.21,80,35,116.81
OEM1234,2025-12-19,14,122.99,80,35,113.59
OEM1234,2025-12-20,18,109.9,80,35,120.18
OEM1234,2025-12-21,20,107.46,80,35,114.69
OEM1234,2025-12-22,14,122.56,80,35,123.59
OEM1234,2025-12-23,18,106.3,80,35,124.22
OEM1234,2025-12-24,16,121.06,80,35,113.2
OEM1234,2025-12-25,13,130.42,80,35,109.87
OEM1234,2025-12-26,14,120.79,80,35,117.12
OEM1234,2025-12-27,19,115.85,80,35,124.48
OEM1234,2025-12-28,13,122.58,80,35,108.35
OEM1234,2025-12-29,17,117.7,80,35,117.83
OEM1234,2025-12-30,17,120.0,80,35,118.03
OEM1234,2025-12-31,13,130.45,80,35,120.36
OEM1234,2026-01-01,17,115.79,80,35,106.53
OEM1234,2026-01-02,12,130.98,80,35,119.96
OEM1234,2026-01-03,13,129.5,80,35,124.41
OEM1234,2026-01-04,17,110.77,80,35,107.63
OEM1234,2026-01-05,17,107.43,80,35,108.96
OEM1234,2026-01-06,20,108.26,80,35,125.84
OEM1234,2026-01-07,16,106.08,80,35,107.66
OEM1234,2026-01-08,19,108.09,80,35,123.15
OEM1234,2026-01-09,14,123.63,80,35,114.82
OEM1234,2026-01-10,18,107.48,80,35,109.19
OEM1234,2026-01-11,18,114.02,80,35,123.53
OEM1234,2026-01-12,13,127.9,80,35,113.74
OEM1234,2026-01-13,21,106.21,80,35,115.34
OEM1234,2026-01-14,15,127.1,80,35,111.76
OEM1234,2026-01-15,17,113.04,80,35,117.14
OEM1234,2026-01-16,16,108.72,80,35,107.26
OEM1234,2026-01-17,12,123.99,80,35,112.49
OEM1234,2026-01-18,15,122.2,80,35,125.8
OEM1234,2026-01-19,12,128.77,80,35,109.44
OEM1234,2026-01-20,13,125.01,80,35,118.6
OEM1234,2026-01-21,10,126.81,80,35,110.98
OEM1234,2026-01-22,17,113.05,80,35,121.29
OEM1234,2026-01-23,18,110.28,80,35,106.51
OEM1234,2026-01-24,16,125.42,80,35,125.81
OEM1234,2026-01-25,12,126.9,80,35,113.94
OEM1234,2026-01-26,11,131.75,80,35,108.93
OEM1234,2026-01-27,14,116.49,80,35,105.19
OEM1234,2026-01-28,16,115.42,80,35,107.4
OEM1234,2026-01-29,12,126.1,80,34,115.45
OEM1234,2026-01-30,18,114.6,80,34,111.25
OEM1234,2026-01-31,10,130.17,80,34,122.56
OEM1234,2026-02-01,12,128.26,80,34,113.41
OEM1234,2026-02-02,16,116.93,80,34,109.22
OEM1234,2026-02-03,15,125.42,80,34,117.69
OEM1234,2026-02-04,20,125.52,80,33,119.76
OEM1234,2026-02-05,19,108.32,80,33,107.34
OEM1234,2026-02-06,10,129.43,80,33,107.36
OEM1234,2026-02-07,15,118.94,80,33,104.34
OEM1234,2026-02-08,10,127.42,80,33,120.44
OEM1234,2026-02-09,18,114.05,80,33,118.77
OEM1234,2026-02-10,11,129.24,80,33,114.42
OEM1234,2026-02-11,19,115.87,80,33,122.92
OEM1234,2026-02-12,19,105.89,80,33,122.03
OEM1234,2026-02-13,13,129.5,80,33,116.96
OEM1234,2026-02-14,19,108.01,80,33,123.47
OEM1234,2026-02-15,20,114.03,80,32,108.23
OEM1234,2026-02-16,11,130.68,80,32,106.07
OEM1234,2026-02-17,15,130.7,80,32,109.7
OEM1234,2026-02-18,16,120.74,80,32,104.81
OEM1234,2026-02-19,16,122.28,80,31,115.72
OEM1234,2026-02-20,18,117.44,80,30,125.04
OEM1234,2026-02-21,17,113.34,80,30,104.4
OEM1234,2026-02-22,12,114.28,80,30,106.31
OEM1234,2026-02-23,14,123.35,80,30,113.9
OEM1234,2026-02-24,17,125.46,80,30,124.98
OEM1234,2026-02-25,13,126.5,80,30,110.77
OEM1234,2026-02-26,11,126.45,80,30,115.17
OEM1234,2026-02-27,18,108.01,80,30,104.46
OEM1234,2026-02-28,19,118.65,80,30,106.91
OEM1234,2026-03-01,23,107.12,80,30,126.19
OEM1234,2026-03-02,16,120.11,80,30,125.7
OEM1234,2026-03-03,17,117.26,80,30,103.61
OEM1234,2026-03-04,13,129.04,80,30,125.39
