SampleData/data.csv
SKU,Date,Units_Sold,Price,Cost,Inventory,Competitor_Price
OEM1234,2027-05-11,13,126.07,80,1,121.36
OEM1234,2027-05-12,19,117.57,80,1,118.59
OEM1234,2027-05-13,16,119.44,80,1,107.58
OEM1234,2027-05-14,20,117.24,80,1,116.04
OEM1234,2027-05-15,16,116.18,80,0,126.15
OEM1234,2027-05-16,16,120.37,80,0,125.06
OEM1234,2027-05-17,18,109.7,80,0,104.49
OEM1234,2027-05-18,19,110.4,80,0,107.29
OEM1234,2027-05-19,12,128.35,80,0,106.53
OEM1234,2027-05-20,11,130.58,80,0,120.2
OEM1234,2027-05-21,19,115.46,80,0,122.31
OEM1234,2027-05-22,18,112.75,80,0,108.41
OEM1234,2027-05-23,13,122.6,80,0,115.13
OEM1234,2027-05-24,20,116.39,80,0,122.84
OEM1234,2027-05-25,22,106.27,80,0,120.35
OEM1234,2027-05-26,19,109.72,80,0,115.97
OEM1234,2027-05-27,15,124.5,80,0,117.08
OEM1234,2027-05-28,16,123.0,80,0,115.19
OEM1234,2027-05-29,17,106.32,80,0,110.34
OEM1234,2027-05-30,18,111.46,80,0,116.5
OEM1234,2027-05-31,14,111.7,80,0,119.34
OEM1234,2027-06-01,17,123.34,80,0,123.59
OEM1234,2027-06-02,17,106.12,80,0,118.13
OEM1234,2027-06-03,23,108.35,80,0,121.01
OEM1234,2027-06-04,12,126.72,80,0,107.18
OEM1234,2027-06-05,18,110.31,80,0,114.12
OEM1234,2027-06-06,12,122.83,80,0,103.71
OEM1234,2027-06-07,17,111.89,80,0,109.17
OEM1234,2027-06-08,22,108.23,80,0,120.21
OEM1234,2027-06-09,14,112.02,80,0,126.31
OEM1234,2027-06-10,16,124.67,80,0,105.78
OEM1234,2027-06-11,13,128.19,80,0,112.73
OEM1234,2027-06-12,12,127.52,80,0,121.9
OEM1234,2027-06-13,14,116.09,80,0,108.19
OEM1234,2027-06-14,18,123.24,80,0,116.27
OEM1234,2027-06-15,17,111.01,80,0,120.36
OEM1234,2027-06-16,15,113.34,80,0,117.67
OEM1234,2027-06-17,14,129.26,80,0,107.82
OEM1234,2027-06-18,20,105.94,80,0,111.67
OEM1234,2027-06-19,18,107.86,80,0,121.53
OEM1234,2027-06-20,19,111.09,80,0,116.25
OEM1234,2027-06-21,16,106.3,80,0,103.62
OEM1234,2027-06-22,21,110.39,80,0,121.0
OEM1234,2027-06-23,16,120.99,80,0,104.31
OEM1234,2027-06-24,18,116.73,80,0,120.65
OEM1234,2027-06-25,13,129.17,80,0,108.16
OEM1234,2027-06-26,18,127.18,80,0,125.54
OEM1234,2027-06-27,17,114.62,80,0,111.96
OEM1234,2027-06-28,15,112.45,80,0,111.02
OEM1234,2027-06-29,17,115.62,80,0,106.92
OEM1234,2027-06-30,19,121.18,80,0,110.53
OEM1234,2027-07-01,17,112.68,80,0,123.66
OEM1234,2027-07-02,15,122.08,80,0,126.42
OEM1234,2027-07-03,17,116.41,80,0,111.97
OEM1234,2027-07-04,15,120.17,80,0,113.82
OEM1234,2027-07-05,15,117.11,80,0,120.11
OEM1234,2027-07-06,21,113.37,80,0,123.88
OEM1234,2027-07-07,17,130.64,80,0,117.14
OEM1234,2027-07-08,14,125.76,80,0,112.51
OEM1234,2027-07-09,17,109.3,80,0,112.99
OEM1234,2027-07-10,10,128.53,80,0,119.5
OEM1234,2027-07-11,15,118.47,80,0,103.57
OEM1234,2027-07-12,15,129.22,80,0,117.75
OEM1234,2027-07-13,14,126.72,80,0,111.68
OEM1234,2027-07-14,17,116.83,80,0,121.77
OEM1234,2027-07-15,18,106.19,80,0,105.64
OEM1234,2027-07-16,16,112.69,80,0,117.03
OEM1234,2027-07-17,17,119.9,80,0,114.56
OEM1234,2027-07-18,17,122.32,80,0,118.27
OEM1234,2027-07-19,14,112.41,80,0,104.99
OEM1234,2027-07-20,22,109.28,80,0,116.84
OEM1234,2027-07-21,14,127.64,80,0,116.41
OEM1234,2027-07-22,15,131.59,80,0,116.4
OEM1234,2027-07-23,13,119.48,80,0,117.38
OEM1234,2027-07-24,16,110.13,80,0,119.06
OEM1234,2027-07-25,18,112.79,80,0,122.01
OEM1234,2027-07-26,20,106.09,80,0,109.71
OEM1234,2027-07-27,17,129.74,80,0,122.48
OEM1234,2027-07-28,20,108.71,80,0,114.96
OEM1234,2027-07-29,14,120.82,80,0,105.27
OEM1234,2027-07-30,15,112.84,80,0,104.85
OEM1234,2027-07-31,18,120.23,80,0,111.19
OEM1234,2027-08-01,13,122.8,80,0,121.55
OEM1234,2027-08-02,17,127.51,80,0,119.78
OEM1234,2027-08-03,18,111.05,80,0,121.64
OEM1234,2027-08-04,23,105.89,80,0,115.4
OEM1234,2027-08-05,20,109.21,80,0,113.62
OEM1234,2027-08-06,12,129.36,80,0,106.89
OEM1234,2027-08-07,11,128.67,80,0,111.05
OEM1234,2027-08-08,14,121.37,80,0,113.48
OEM1234,2027-08-09,15,121.45,80,0,105.54
OEM1234,2027-08-10,14,123.16,80,0,108.57
OEM1234,2027-08-11,17,110.23,80,0,117.26
OEM1234,2027-08-12,13,129.74,80,0,120.42
OEM1234,2027-08-13,18,116.66,80,0,126.46
OEM1234,2027-08-14,14,115.71,80,0,124.96
OEM1234,2027-08-15,17,119.3,80,0,118.28
OEM1234,2027-08-16,17,106.84,80,0,113.19
OEM1234,2027-08-17,17,109.99,80,0,118.13
OEM1234,2027-08-18,11,125.08,80,0,121.57
OEM1234,2027-08-19,15,107.79,80,0,106.22
OEM1234,2027-08-20,12,121.52,80,0,112.93
OEM1234,2027-08-21,17,112.08,80,0,122.82
OEM1234,2027-08-22,20,115.88,80,0,112.33
OEM1234,2027-08-23,17,113.22,80,0,116.65
OEM1234,2027-08-24,18,114.99,80,0,117.02
OEM1234,2027-08-25,14,124.58,80,0,107.74
OEM1234,2027-08-26,17,113.44,80,0,111.83
OEM1234,2027-08-27,15,120.55,80,0,111.19
OEM1234,2027-08-28,13,118.17,80,0,104.1
OEM1234,2027-08-29,16,123.12,80,0,104.06
OEM1234,2027-08-30,17,130.33,80,0,122.63
OEM1234,2027-08-31,10,124.94,80,0,109.78
OEM1234,2027-09-01,16,111.27,80,0,115.42
OEM1234,2027-09-02,19,106.42,80,0,110.37
OEM1234,2027-09-03,17,112.52,80,0,125.14
OEM1234,2027-09-04,16,121.31,80,0,109.46
OEM1234,2027-09-05,18,106.96,80,0,113.38
OEM1234,2027-09-06,21,118.7,80,0,123.57
OEM1234,2027-09-07,18,121.36,80,0,122.86
OEM1234,2027-09-08,17,114.42,80,0,107.78
OEM1234,2027-09-09,16,125.95,80,0,121.96
OEM1234,2027-09-10,21,108.41,80,0,114.04
OEM1234,2027-09-11,18,107.58,80,0,114.61
OEM1234,2027-09-12,12,124.82,80,0,106.57
OEM1234,2027-09-13,15,118.68,80,0,105.35
OEM1234,2027-09-14,17,123.77,80,0,120.24
OEM1234,2027-09-15,17,117.08,80,0,114.92
OEM1234,2027-09-16,15,112.11,80,0,113.55
OEM1234,2027-09-17,12,127.22,80,0,120.28
OEM1234,2027-09-18,14,126.7,80,0,121.11
OEM1234,2027-09-19,13,123.94,80,0,107.15
OEM1234,2027-09-20,22,112.78,80,0,117.54
OEM1234,2027-09-21,12,121.18,80,0,106.61
OEM1234,2027-09-22,19,115.13,80,0,120.78
OEM1234,2027-09-23,22,108.02,80,0,118.61
OEM1234,2027-09-24,18,129.82,80,0,125.5
OEM1234,2027-09-25,17,109.21,80,0,105.09
OEM1234,2027-09-26,12,130.69,80,0,104.81
OEM1234,2027-09-27,17,117.37,80,0,109.99
